<?xml version="1.0" encoding="UTF-8"?>
<testsuites name="jest tests" tests="2" failures="0" time="3.637">
  <testsuite name="undefined" errors="0" failures="0" skipped="0" timestamp="2022-02-13T05:56:41" time="2.765" tests="2">
    <testcase classname=" Test Data Type" name=" Test Data Type" time="0.84">
    </testcase>
    <testcase classname=" Test Post Data" name=" Test Post Data" time="0.844">
    </testcase>
  </testsuite>
</testsuites>